[2025-12-20 18:03:47,834] multiqc                                            [DEBUG  ]  This is MultiQC v1.19
[2025-12-20 18:03:47,840] multiqc                                            [DEBUG  ]  Command used: /usr/local/bin/multiqc /data/users/awidmer/RNA_Seq/results -o /data/users/awidmer/RNA_Seq/results
[2025-12-20 18:03:47,919] multiqc                                            [DEBUG  ]  Could not connect to multiqc.info for version check: <urlopen error [SSL: CERTIFICATE_VERIFY_FAILED] certificate verify failed: unable to get local issuer certificate (_ssl.c:1006)>
[2025-12-20 18:03:47,920] multiqc                                            [DEBUG  ]  Working dir : /data/users/awidmer/RNA_Seq
[2025-12-20 18:03:47,920] multiqc                                            [DEBUG  ]  Template    : default
[2025-12-20 18:03:47,920] multiqc                                            [DEBUG  ]  Running Python 3.11.7 | packaged by conda-forge | (main, Dec 15 2023, 08:38:37) [GCC 12.3.0]
[2025-12-20 18:03:47,920] multiqc                                            [DEBUG  ]  Analysing modules: custom_content, ccs, ngsderive, purple, conpair, lima, peddy, somalier, methylQA, mosdepth, phantompeakqualtools, qualimap, preseq, hifiasm, quast, qorts, rna_seqc, rockhopper, rsem, rseqc, busco, bustools, goleft_indexcov, gffcompare, disambiguate, supernova, deeptools, sargasso, verifybamid, mirtrace, happy, mirtop, sambamba, gopeaks, homer, hops, macs2, theta2, snpeff, gatk, htseq, bcftools, featureCounts, fgbio, dragen, dragen_fastqc, dedup, pbmarkdup, damageprofiler, mapdamage, biobambam2, jcvi, mtnucratio, picard, vep, bakta, prokka, qc3C, nanostat, samblaster, samtools, sexdeterrmine, seqera_cli, eigenstratdatabasetools, bamtools, jellyfish, vcftools, longranger, stacks, varscan2, snippy, umitools, truvari, bbmap, bismark, biscuit, diamond, hicexplorer, hicup, hicpro, salmon, kallisto, slamdunk, star, hisat2, tophat, bowtie2, bowtie1, cellranger, snpsplit, odgi, pangolin, nextclade, freyja, humid, kat, leehom, librarian, adapterRemoval, bbduk, clipandmerge, cutadapt, flexbar, sourmash, kaiju, bracken, kraken, malt, motus, trimmomatic, sickle, skewer, sortmerna, biobloomtools, fastq_screen, afterqc, fastp, fastqc, filtlong, prinseqplusplus, pychopper, porechop, pycoqc, minionqc, anglerfish, multivcfanalyzer, clusterflow, checkqc, bcl2fastq, bclconvert, interop, ivar, flash, seqyclean, optitype, whatshap, xenome, xengsort
[2025-12-20 18:03:47,920] multiqc                                            [DEBUG  ]  Using temporary directory for creating report: /scratch/15860986/tmpdwjleo2u
[2025-12-20 18:03:47,924] multiqc                                            [INFO   ]  Search path : /data/users/awidmer/RNA_Seq/results
[2025-12-20 18:03:50,626] multiqc                                            [DEBUG  ]  Summary of files that were skipped by the search: [skipped_module_specific_max_filesize: 493] // [skipped_no_match: 133] // [skipped_file_contents_search_errors: 93] // [skipped_ignore_pattern: 88] // [skipped_filesize_limit: 5] // [skipped_directory_fn_ignore_dirs: 2]
[2025-12-20 18:03:52,330] multiqc.plots.bargraph                             [DEBUG  ]  Using matplotlib version 3.8.2
[2025-12-20 18:03:52,336] multiqc.plots.linegraph                            [DEBUG  ]  Using matplotlib version 3.8.2
[2025-12-20 18:03:52,338] multiqc                                            [DEBUG  ]  No samples found: custom_content
[2025-12-20 18:03:52,342] multiqc.modules.featureCounts.feature_counts       [DEBUG  ]  Duplicate sample name found! Overwriting: SRR7821918
[2025-12-20 18:03:52,342] multiqc.modules.featureCounts.feature_counts       [DEBUG  ]  Duplicate sample name found! Overwriting: SRR7821919
[2025-12-20 18:03:52,342] multiqc.modules.featureCounts.feature_counts       [DEBUG  ]  Duplicate sample name found! Overwriting: SRR7821920
[2025-12-20 18:03:52,343] multiqc.modules.featureCounts.feature_counts       [DEBUG  ]  Duplicate sample name found! Overwriting: SRR7821921
[2025-12-20 18:03:52,343] multiqc.modules.featureCounts.feature_counts       [DEBUG  ]  Duplicate sample name found! Overwriting: SRR7821922
[2025-12-20 18:03:52,343] multiqc.modules.featureCounts.feature_counts       [DEBUG  ]  Duplicate sample name found! Overwriting: SRR7821923
[2025-12-20 18:03:52,343] multiqc.modules.featureCounts.feature_counts       [DEBUG  ]  Duplicate sample name found! Overwriting: SRR7821925
[2025-12-20 18:03:52,343] multiqc.modules.featureCounts.feature_counts       [DEBUG  ]  Duplicate sample name found! Overwriting: SRR7821927
[2025-12-20 18:03:52,343] multiqc.modules.featureCounts.feature_counts       [DEBUG  ]  Duplicate sample name found! Overwriting: SRR7821937
[2025-12-20 18:03:52,343] multiqc.modules.featureCounts.feature_counts       [DEBUG  ]  Duplicate sample name found! Overwriting: SRR7821938
[2025-12-20 18:03:52,343] multiqc.modules.featureCounts.feature_counts       [DEBUG  ]  Duplicate sample name found! Overwriting: SRR7821939
[2025-12-20 18:03:52,343] multiqc.modules.featureCounts.feature_counts       [DEBUG  ]  Duplicate sample name found! Overwriting: SRR7821940
[2025-12-20 18:03:52,343] multiqc.modules.featureCounts.feature_counts       [DEBUG  ]  Duplicate sample name found! Overwriting: SRR7821941
[2025-12-20 18:03:52,343] multiqc.modules.featureCounts.feature_counts       [DEBUG  ]  Duplicate sample name found! Overwriting: SRR7821942
[2025-12-20 18:03:52,343] multiqc.modules.featureCounts.feature_counts       [INFO   ]  Found 15 reports
[2025-12-20 18:03:52,353] multiqc.modules.bowtie2.bowtie2                    [INFO   ]  Found 15 reports
[2025-12-20 18:03:53,277] multiqc.modules.fastqc.fastqc                      [INFO   ]  Found 30 reports
[2025-12-20 18:03:53,337] multiqc.utils.software_versions                    [DEBUG  ]  Reading software versions from config.software_versions
[2025-12-20 18:03:53,390] multiqc                                            [DEBUG  ]  Compressing plot data
[2025-12-20 18:03:53,734] multiqc                                            [INFO   ]  Existing reports found, adding suffix to filenames. Use '--force' to overwrite.
[2025-12-20 18:03:53,734] multiqc                                            [INFO   ]  Report      : results/multiqc_report_1.html
[2025-12-20 18:03:53,734] multiqc                                            [INFO   ]  Data        : results/multiqc_data_1
[2025-12-20 18:03:53,735] multiqc                                            [DEBUG  ]  Moving data file from '/scratch/15860986/tmpdwjleo2u/multiqc_data' to '/data/users/awidmer/RNA_Seq/results/multiqc_data_1'
[2025-12-20 18:03:53,746] multiqc                                            [DEBUG  ]  Full report path: /data/users/awidmer/RNA_Seq/results/multiqc_report_1.html
[2025-12-20 18:03:53,914] multiqc                                            [INFO   ]  MultiQC complete
